#-----------------------------------------------------------
# Webtalk v2019.1 (64-bit)
# SW Build 2552052 on Fri May 24 14:47:09 MDT 2019
# IP Build 2548770 on Fri May 24 18:01:18 MDT 2019
# Start of session at: Thu Nov 28 21:41:20 2019
# Process ID: 12145
# Current directory: /home/desktop/Documents/GIT/Verushash2/verus_functions/verus_functions.sim/sim_1/behav/xsim
# Command line: wbtcv -mode batch -source /home/desktop/Documents/GIT/Verushash2/verus_functions/verus_functions.sim/sim_1/behav/xsim/xsim.dir/haraka512_perm_aes_tb_behav/webtalk/xsim_webtalk.tcl -notrace
# Log file: /home/desktop/Documents/GIT/Verushash2/verus_functions/verus_functions.sim/sim_1/behav/xsim/webtalk.log
# Journal file: /home/desktop/Documents/GIT/Verushash2/verus_functions/verus_functions.sim/sim_1/behav/xsim/webtalk.jou
#-----------------------------------------------------------
source /home/desktop/Documents/GIT/Verushash2/verus_functions/verus_functions.sim/sim_1/behav/xsim/xsim.dir/haraka512_perm_aes_tb_behav/webtalk/xsim_webtalk.tcl -notrace
